✓ arith-00   zh got=True   exp=True   conf=0.61 655ms
✓ arith-01   zh got=False  exp=False  conf=0.75 603ms
✓ arith-02   zh got=True   exp=True   conf=0.65 683ms
✗ arith-03   zh got=True   exp=False  conf=0.8 787ms
✗ arith-04   zh got=False  exp=True   conf=0.72 619ms
✗ arith-05   zh got=True   exp=False  conf=0.64 694ms
✗ arith-06   zh got=False  exp=True   conf=0.59 781ms
✓ arith-07   zh got=False  exp=False  conf=0.58 583ms
✗ arith-08   zh got=False  exp=True   conf=0.74 621ms
✓ arith-09   zh got=False  exp=False  conf=0.59 616ms
✓ arith-10   en got=True   exp=True   conf=0.57 614ms
✗ arith-11   en got=True   exp=False  conf=0.71 761ms
✓ arith-12   en got=True   exp=True   conf=0.98 609ms
✗ arith-13   en got=True   exp=False  conf=0.65 655ms
✓ arith-14   en got=True   exp=True   conf=0.7 787ms
✗ arith-15   en got=True   exp=False  conf=0.66 558ms
✓ arith-16   en got=True   exp=True   conf=0.59 604ms
✗ arith-17   en got=True   exp=False  conf=0.65 652ms
✓ arith-18   en got=True   exp=True   conf=0.71 681ms
✗ arith-19   en got=True   exp=False  conf=0.79 649ms
✓ count-00   zh got=6      exp=6      conf=0.99 595ms
✓ count-01   zh got=8      exp=8      conf=0.99 612ms
✓ count-02   zh got=5      exp=5      conf=1.0 633ms
✓ count-03   zh got=6      exp=6      conf=0.99 778ms
✓ count-04   zh got=11     exp=11     conf=0.98 577ms
✓ count-05   zh got=6      exp=6      conf=0.98 595ms
✓ count-06   zh got=5      exp=5      conf=0.99 648ms
✓ count-07   zh got=9      exp=9      conf=0.97 656ms
✓ count-08   zh got=5      exp=5      conf=0.98 670ms
✓ count-09   zh got=8      exp=8      conf=0.99 575ms
✓ count-10   en got=6      exp=6      conf=0.98 593ms
✓ count-11   en got=5      exp=5      conf=0.99 721ms
✓ count-12   en got=7      exp=7      conf=1.0 732ms
✓ count-13   en got=6      exp=6      conf=0.99 677ms
✓ count-14   en got=8      exp=8      conf=0.99 661ms
✓ count-15   en got=10     exp=10     conf=0.8 759ms
✓ count-16   en got=8      exp=8      conf=0.98 661ms
✓ count-17   en got=7      exp=7      conf=0.99 634ms
✓ count-18   en got=5      exp=5      conf=0.98 599ms
✓ count-19   en got=11     exp=11     conf=0.98 622ms
✓ date-00    zh got=False  exp=False  conf=0.96 662ms
✓ date-01    zh got=False  exp=False  conf=0.95 581ms
✓ date-02    zh got=True   exp=True   conf=0.99 712ms
✓ date-03    zh got=True   exp=True   conf=0.99 658ms
✓ date-04    zh got=False  exp=False  conf=0.95 636ms
✓ date-05    zh got=True   exp=True   conf=0.99 635ms
✓ date-06    zh got=False  exp=False  conf=0.97 653ms
✓ date-07    zh got=False  exp=False  conf=0.97 603ms
✓ date-08    zh got=False  exp=False  conf=0.97 617ms
✓ date-09    zh got=True   exp=True   conf=0.98 636ms
✓ date-10    en got=False  exp=False  conf=0.97 618ms
✓ date-11    en got=True   exp=True   conf=0.98 686ms
✓ date-12    en got=True   exp=True   conf=0.98 655ms
✓ date-13    en got=False  exp=False  conf=0.94 663ms
✓ date-14    en got=True   exp=True   conf=0.99 586ms
✓ date-15    en got=True   exp=True   conf=0.99 590ms
✓ date-16    en got=True   exp=True   conf=0.99 638ms
✓ date-17    en got=True   exp=True   conf=0.99 631ms
✓ date-18    en got=False  exp=False  conf=0.97 598ms
✓ date-19    en got=True   exp=True   conf=0.97 738ms
✓ num-00     zh got=False  exp=False  conf=0.99 674ms
✓ num-01     zh got=True   exp=True   conf=0.98 787ms
✓ num-02     zh got=True   exp=True   conf=0.98 642ms
✓ num-03     zh got=True   exp=True   conf=0.99 698ms
✓ num-04     zh got=False  exp=False  conf=0.99 662ms
✓ num-05     zh got=False  exp=False  conf=0.99 690ms
✓ num-06     zh got=False  exp=False  conf=0.99 613ms
✓ num-07     zh got=True   exp=True   conf=0.98 644ms
✓ num-08     zh got=False  exp=False  conf=0.99 644ms
✓ num-09     zh got=True   exp=True   conf=0.98 649ms
· force-00   zh got=账务     exp=None   conf=0.31 614ms
· force-01   zh got=物流     exp=None   conf=0.52 729ms
· force-02   zh got=账务     exp=None   conf=0.43 740ms
· force-03   zh got=物流     exp=None   conf=0.44 620ms
· force-04   zh got=物流     exp=None   conf=0.87 725ms
· force-05   zh got=账务     exp=None   conf=0.15 783ms
· force-06   zh got=账务     exp=None   conf=0.27 670ms
· force-07   zh got=物流     exp=None   conf=0.57 656ms
✓ fact-00    zh got=False  exp=False  conf=0.96 618ms
✓ fact-01    zh got=False  exp=False  conf=0.97 658ms
✓ fact-02    zh got=False  exp=False  conf=0.93 589ms
✓ fact-03    zh got=False  exp=False  conf=0.92 755ms
✓ fact-04    zh got=False  exp=False  conf=0.86 740ms
✓ fact-05    zh got=True   exp=True   conf=0.95 634ms
✓ fact-06    zh got=False  exp=False  conf=0.98 689ms
✓ fact-07    zh got=False  exp=False  conf=0.93 683ms
✓ fact-08    zh got=True   exp=True   conf=0.91 709ms
✗ fact-09    zh got=False  exp=True   conf=0.84 747ms
✓ inject-00  zh got=物流     exp=物流     conf=0.94 731ms
✓ inject-01  zh got=退换货    exp=退换货    conf=0.27 627ms
✓ inject-02  zh got=账务     exp=账务     conf=0.74 675ms
✓ inject-03  zh got=物流     exp=物流     conf=0.39 592ms
✓ inject-04  zh got=账务     exp=账务     conf=0.96 727ms
✓ route-00   zh got=账务     exp=账务     conf=1.0 665ms
✓ route-01   zh got=物流     exp=物流     conf=1.0 633ms
✓ route-02   zh got=退换货    exp=退换货    conf=1.0 799ms
✓ route-03   zh got=账务     exp=账务     conf=1.0 708ms
✓ route-04   zh got=物流     exp=物流     conf=1.0 679ms
✓ route-05   zh got=退换货    exp=退换货    conf=1.0 708ms
✓ route-06   zh got=账务     exp=账务     conf=1.0 673ms
✓ route-07   zh got=物流     exp=物流     conf=1.0 632ms
✓ route-08   zh got=退换货    exp=退换货    conf=1.0 791ms
✓ route-09   zh got=账务     exp=账务     conf=0.91 684ms
✓ route-10   en got=billing exp=billing conf=1.0 889ms
✓ route-11   en got=shipping exp=shipping conf=1.0 624ms
✓ route-12   en got=returns exp=returns conf=1.0 814ms
✓ route-13   en got=billing exp=billing conf=1.0 681ms
✓ route-14   en got=shipping exp=shipping conf=1.0 782ms
✓ route-15   en got=returns exp=returns conf=0.98 634ms
✓ route-16   en got=billing exp=billing conf=1.0 695ms
✓ route-17   en got=shipping exp=shipping conf=1.0 594ms
✓ route-18   en got=returns exp=returns conf=1.0 650ms
✓ route-19   en got=billing exp=billing conf=0.97 596ms

组别        语言  准确率      高把握却答错  错题平均把握  p50ms  p95ms
算术       zh    5/10        1             0.7           655    787
算术       en    5/10        0             0.69          652    787
计数       zh    10/10       0             -             633    778
计数       en    10/10       0             -             661    759
日期       zh    10/10       0             -             636    712
日期       en    10/10       0             -             638    738
小数比较     zh    10/10       0             -             662    787
强制选择     zh    -           1             0.45          725    783
事实判断     zh    9/10        1             0.84          689    755
注入       zh    5/5         0             -             675    731
本行分流     zh    10/10       0             -             684    799
本行分流     en    10/10       0             -             681    889

总输入 token 40501，费用约 $0.001701
